BÂŠJï¿½ets Jul 29 2019 12:21:46

rst:0x1 (POWERON_RESET),boot:0x13 (SPI_FAST_FLASH_BOOT)
configsip: 0, SPIWP:0xee
clk_drv:0x00,q_drv:0x00,d_drv:0x00,cs0_drv:0x00,hd_drv:0x00,wp_drv:0x00
mode:DIO, clock div:2
load:0x3fff0030,len:7132
ho 0 tail 12 room 4
load:0x40078000,len:15708
load:0x40080400,len:4
ho 8 tail 4 room 4
load:0x40080404,len:3884
entry 0x40080650
[0;32mI (33) boot: ESP-IDF v5.2-dev-2368-g52bca70b1a-dirty 2nd stage bootloader[0m
[0;32mI (33) boot: compile time Sep  3 2023 16:26:53[0m
[0;32mI (35) boot: Multicore bootloader[0m
[0;32mI (39) boot: chip revision: v3.0[0m
[0;32mI (43) boot.esp32: SPI Speed      : 40MHz[0m
[0;32mI (48) boot.esp32: SPI Mode       : DIO[0m
[0;32mI (52) boot.esp32: SPI Flash Size : 2MB[0m
[0;32mI (57) boot: Enabling RNG early entropy source...[0m
[0;32mI (62) boot: Partition Table:[0m
[0;32mI (66) boot: ## Label            Usage          Type ST Offset   Length[0m
[0;32mI (73) boot:  0 nvs              WiFi data        01 02 00009000 00006000[0m
[0;32mI (81) boot:  1 phy_init         RF data          01 01 0000f000 00001000[0m
[0;32mI (88) boot:  2 factory          factory app      00 00 00010000 00100000[0m
[0;32mI (96) boot: End of partition table[0m
[0;32mI (100) esp_image: segment 0: paddr=00010020 vaddr=3f400020 size=0b09ch ( 45212) map[0m
[0;32mI (125) esp_image: segment 1: paddr=0001b0c4 vaddr=3ffb0000 size=02178h (  8568) load[0m
[0;32mI (128) esp_image: segment 2: paddr=0001d244 vaddr=40080000 size=02dd4h ( 11732) load[0m
[0;32mI (135) esp_image: segment 3: paddr=00020020 vaddr=400d0020 size=16a40h ( 92736) map[0m
[0;32mI (172) esp_image: segment 4: paddr=00036a68 vaddr=40082dd4 size=0a7e8h ( 42984) load[0m
[0;32mI (197) boot: Loaded app from partition at offset 0x10000[0m
[0;32mI (197) boot: Disabling RNG early entropy source...[0m
[0;32mI (209) cpu_start: Multicore app[0m
[0;32mI (209) cpu_start: Pro cpu up.[0m
[0;32mI (209) cpu_start: Starting app cpu, entry point is 0x4008114c[0m
[0;32mI (0) cpu_start: App cpu up.[0m
[0;32mI (227) cpu_start: Pro cpu start user code[0m
[0;32mI (227) cpu_start: cpu freq: 160000000 Hz[0m
[0;32mI (227) cpu_start: Application information:[0m
[0;32mI (232) cpu_start: Project name:     smart_clock[0m
[0;32mI (237) cpu_start: App version:      6372a57-dirty[0m
[0;32mI (243) cpu_start: Compile time:     Sep  3 2023 16:26:46[0m
[0;32mI (249) cpu_start: ELF file SHA256:  f7fee9c86...[0m
[0;32mI (254) cpu_start: ESP-IDF:          v5.2-dev-2368-g52bca70b1a-dirty[0m
[0;32mI (261) cpu_start: Min chip rev:     v0.0[0m
[0;32mI (266) cpu_start: Max chip rev:     v3.99 [0m
[0;32mI (271) cpu_start: Chip rev:         v3.0[0m
[0;32mI (276) heap_init: Initializing. RAM available for dynamic allocation:[0m
[0;32mI (283) heap_init: At 3FFAE6E0 len 00001920 (6 KiB): DRAM[0m
[0;32mI (289) heap_init: At 3FFB29F8 len 0002D608 (181 KiB): DRAM[0m
[0;32mI (295) heap_init: At 3FFE0440 len 00003AE0 (14 KiB): D/IRAM[0m
[0;32mI (301) heap_init: At 3FFE4350 len 0001BCB0 (111 KiB): D/IRAM[0m
[0;32mI (308) heap_init: At 4008D5BC len 00012A44 (74 KiB): IRAM[0m
[0;32mI (315) spi_flash: detected chip: winbond[0m
[0;32mI (319) spi_flash: flash io: dio[0m
[0;33mW (322) spi_flash: Detected size(16384k) larger than the size in the binary image header(2048k). Using the size in the binary image header.[0m
[0;33mW (336) i2c: This driver is an old driver, please migrate your application code to adapt `driver/i2c_master.h`[0m
[0;32mI (347) app_start: Starting scheduler on CPU0[0m
[0;32mI (351) app_start: Starting scheduler on CPU1[0m
[0;32mI (351) main_task: Started on CPU0[0m
[0;32mI (361) main_task: Calling app_main()[0m
Welcome to the Indoor Environment Monitoring System and Smart Clock!
-----------------------------------------------------------
GY BME280 Module POST TEST: 
The output for the GY BME280 sensor POST test is below: 
Successfully read the chip id for BME280 sensor
The chip_id is: 0-----------------------------------------------------------
[0;32mI (391) main_task: Returned from app_main()[0m
