
ï¿½ï¿½ï¿½  ï¿½ets Jul 29 2019 12:21:46

rst:0x1 (POWERON_RESET),boot:0x13 (SPI_FAST_FLASH_BOOT)
configsip: 0, SPIWP:0xee
clk_drv:0x00,q_drv:0x00,d_drv:0x00,cs0_drv:0x00,hd_drv:0x00,wp_drv:0x00
mode:DIO, clock div:2
load:0x3fff0030,len:7132
ho 0 tail 12 room 4
load:0x40078000,len:15708
load:0x40080400,len:4
ho 8 tail 4 room 4
load:0x40080404,len:3884
entry 0x40080650
[0;32mI (33) boot: ESP-IDF v5.2-dev-2368-g52bca70b1a-dirty 2nd stage bootloader[0m
[0;32mI (33) boot: compile time Sep  3 2023 14:43:03[0m
[0;32mI (35) boot: Multicore bootloader[0m
[0;32mI (39) boot: chip revision: v3.0[0m
[0;32mI (43) boot.esp32: SPI Speed      : 40MHz[0m
[0;32mI (48) boot.esp32: SPI Mode       : DIO[0m
[0;32mI (52) boot.esp32: SPI Flash Size : 2MB[0m
[0;32mI (57) boot: Enabling RNG early entropy source...[0m
[0;32mI (62) boot: Partition Table:[0m
[0;32mI (66) boot: ## Label            Usage          Type ST Offset   Length[0m
[0;32mI (73) boot:  0 nvs              WiFi data        01 02 00009000 00006000[0m
[0;32mI (81) boot:  1 phy_init         RF data          01 01 0000f000 00001000[0m
[0;32mI (88) boot:  2 factory          factory app      00 00 00010000 00100000[0m
[0;32mI (96) boot: End of partition table[0m
[0;32mI (100) esp_image: segment 0: paddr=00010020 vaddr=3f400020 size=096f8h ( 38648) map[0m
[0;32mI (122) esp_image: segment 1: paddr=00019720 vaddr=3ffb0000 size=020f0h (  8432) load[0m
[0;32mI (126) esp_image: segment 2: paddr=0001b818 vaddr=40080000 size=04800h ( 18432) load[0m
[0;32mI (136) esp_image: segment 3: paddr=00020020 vaddr=400d0020 size=13a00h ( 80384) map[0m
[0;32mI (166) esp_image: segment 4: paddr=00033a28 vaddr=40084800 size=07814h ( 30740) load[0m
[0;32mI (185) boot: Loaded app from partition at offset 0x10000[0m
[0;32mI (185) boot: Disabling RNG early entropy source...[0m
[0;32mI (196) cpu_start: Multicore app[0m
[0;32mI (197) cpu_start: Pro cpu up.[0m
[0;32mI (197) cpu_start: Starting app cpu, entry point is 0x40081030[0m
[0;32mI (0) cpu_start: App cpu up.[0m
[0;32mI (215) cpu_start: Pro cpu start user code[0m
[0;32mI (215) cpu_start: cpu freq: 160000000 Hz[0m
[0;32mI (215) cpu_start: Application information:[0m
[0;32mI (219) cpu_start: Project name:     smart_clock[0m
[0;32mI (225) cpu_start: App version:      1[0m
[0;32mI (229) cpu_start: Compile time:     Sep  3 2023 14:42:56[0m
[0;32mI (235) cpu_start: ELF file SHA256:  c01edac92...[0m
[0;32mI (241) cpu_start: ESP-IDF:          v5.2-dev-2368-g52bca70b1a-dirty[0m
[0;32mI (248) cpu_start: Min chip rev:     v0.0[0m
[0;32mI (252) cpu_start: Max chip rev:     v3.99 [0m
[0;32mI (257) cpu_start: Chip rev:         v3.0[0m
[0;32mI (262) heap_init: Initializing. RAM available for dynamic allocation:[0m
[0;32mI (269) heap_init: At 3FFAE6E0 len 00001920 (6 KiB): DRAM[0m
[0;32mI (275) heap_init: At 3FFB2960 len 0002D6A0 (181 KiB): DRAM[0m
[0;32mI (281) heap_init: At 3FFE0440 len 00003AE0 (14 KiB): D/IRAM[0m
[0;32mI (288) heap_init: At 3FFE4350 len 0001BCB0 (111 KiB): D/IRAM[0m
[0;32mI (294) heap_init: At 4008C014 len 00013FEC (79 KiB): IRAM[0m
[0;32mI (302) spi_flash: detected chip: winbond[0m
[0;32mI (305) spi_flash: flash io: dio[0m
[0;33mW (309) spi_flash: Detected size(16384k) larger than the size in the binary image header(2048k). Using the size in the binary image header.[0m
[0;32mI (323) app_start: Starting scheduler on CPU0[0m
[0;32mI (327) app_start: Starting scheduler on CPU1[0m
[0;32mI (327) main_task: Started on CPU0[0m
[0;32mI (337) main_task: Calling app_main()[0m
Hello world!
This is esp32 chip with 2 CPU core(s), WiFi/BTBLE, silicon revision v3.0, 2MB external flash
Minimum free heap size: 301244 bytes
Restarting in 10 seconds...
Restarting in 9 seconds...
Restarting in 8 seconds...
Restarting in 7 seconds...
Restarting in 6 seconds...
Restarting in 5 seconds...
Restarting in 4 seconds...
Restarting in 3 seconds...
Restarting in 2 seconds...
Restarting in 1 seconds...
Restarting in 0 seconds...
Restarting now.
ets Jul 29 2019 12:21:46

rst:0xc (SW_CPU_RESET),boot:0x13 (SPI_FAST_FLASH_BOOT)
configsip: 0, SPIWP:0xee
clk_drv:0x00,q_drv:0x00,d_drv:0x00,cs0_drv:0x00,hd_drv:0x00,wp_drv:0x00
mode:DIO, clock div:2
load:0x3fff0030,len:7132
ho 0 tail 12 room 4
load:0x40078000,len:15708
load:0x40080400,len:4
ho 8 tail 4 room 4
load:0x40080404,len:3884
entry 0x40080650
[0;32mI (32) boot: ESP-IDF v5.2-dev-2368-g52bca70b1a-dirty 2nd stage bootloader[0m
[0;32mI (33) boot: compile time Sep  3 2023 14:43:03[0m
[0;32mI (35) boot: Multicore bootloader[0m
[0;32mI (39) boot: chip revision: v3.0[0m
[0;32mI (43) boot.esp32: SPI Speed      : 40MHz[0m
[0;32mI (48) boot.esp32: SPI Mode       : DIO[0m
[0;32mI (52) boot.esp32: SPI Flash Size : 2MB[0m
[0;32mI (57) boot: Enabling RNG early entropy source...[0m
[0;32mI (62) boot: Partition Table:[0m
[0;32mI (66) boot: ## Label            Usage          Type ST Offset   Length[0m
[0;32mI (73) boot:  0 nvs              WiFi data        01 02 00009000 00006000[0m
[0;32mI (80) boot:  1 phy_init         RF data          01 01 0000f000 00001000[0m
[0;32mI (88) boot:  2 factory          factory app      00 00 00010000 00100000[0m
[0;32mI (95) boot: End of partition table[0m
[0;32mI (100) esp_image: segment 0: paddr=00010020 vaddr=3f400020 size=096f8h ( 38648) map[0m
[0;32mI (122) esp_image: segment 1: paddr=00019720 vaddr=3ffb0000 size=020f0h (  8432) load[0m
[0;32mI (126) esp_image: segment 2: paddr=0001b818 vaddr=40080000 size=04800h ( 18432) load[0m
[0;32mI (136) esp_image: segment 3: paddr=00020020 vaddr=400d0020 size=13a00h ( 80384) map[0m
[0;32mI (165) esp_image: segment 4: paddr=00033a28 vaddr=40084800 size=07814h ( 30740) load[0m
[0;32mI (185) boot: Loaded app from partition at offset 0x10000[0m
[0;32mI (185) boot: Disabling RNG early entropy source...[0m
[0;32mI (196) cpu_start: Multicore app[0m
[0;32mI (196) cpu_start: Pro cpu up.[0m
[0;32mI (197) cpu_start: Starting app cpu, entry point is 0x40081030[0m
[0;32mI (183) cpu_start: App cpu up.[0m
[0;32mI (215) cpu_start: Pro cpu start user code[0m
[0;32mI (215) cpu_start: cpu freq: 160000000 Hz[0m
[0;32mI (215) cpu_start: Application information:[0m
[0;32mI (219) cpu_start: Project name:     smart_clock[0m
[0;32mI (225) cpu_start: App version:      1[0m
[0;32mI (229) cpu_start: Compile time:     Sep  3 2023 14:42:56[0m
[0;32mI (235) cpu_start: ELF file SHA256:  c01edac92...[0m
[0;32mI (241) cpu_start: ESP-IDF:          v5.2-dev-2368-g52bca70b1a-dirty[0m
[0;32mI (248) cpu_start: Min chip rev:     v0.0[0m
[0;32mI (252) cpu_start: Max chip rev:     v3.99 [0m
[0;32mI (257) cpu_start: Chip rev:         v3.0[0m
[0;32mI (262) heap_init: Initializing. RAM available for dynamic allocation:[0m
[0;32mI (269) heap_init: At 3FFAE6E0 len 00001920 (6 KiB): DRAM[0m
[0;32mI (275) heap_init: At 3FFB2960 len 0002D6A0 (181 KiB): DRAM[0m
[0;32mI (281) heap_init: At 3FFE0440 len 00003AE0 (14 KiB): D/IRAM[0m
[0;32mI (288) heap_init: At 3FFE4350 len 0001BCB0 (111 KiB): D/IRAM[0m
[0;32mI (294) heap_init: At 4008C014 len 00013FEC (79 KiB): IRAM[0m
[0;32mI (302) spi_flash: detected chip: winbond[0m
[0;32mI (305) spi_flash: flash io: dio[0m
[0;33mW (309) spi_flash: Detected size(16384k) larger than the size in the binary image header(2048k). Using the size in the binary image header.[0m
[0;32mI (323) app_start: Starting scheduler on CPU0[0m
[0;32mI (327) app_start: Starting scheduler on CPU1[0m
[0;32mI (327) main_task: Started on CPU0[0m
[0;32mI (337) main_task: Calling app_main()[0m
Hello world!
This is esp32 chip with 2 CPU core(s), WiFi/BTBLE, silicon revision v3.0, 2MB external flash
Minimum free heap size: 301244 bytes
Restarting in 10 seconds...
Restarting in 9 seconds...
Restarting in 8 seconds...
Restarting in 7 seconds...
Restarting in 6 seconds...
Restarting in 5 seconds...
Restarting in 4 seconds...
Restarting in 3 seconds...
Restarting in 2 seconds...
Restarting in 1 seconds...
Restarting in 0 seconds...
Restarting now.
ets Jul 29 2019 12:21:46

rst:0xc (SW_CPU_RESET),boot:0x13 (SPI_FAST_FLASH_BOOT)
configsip: 0, SPIWP:0xee
clk_drv:0x00,q_drv:0x00,d_drv:0x00,cs0_drv:0x00,hd_drv:0x00,wp_drv:0x00
mode:DIO, clock div:2
load:0x3fff0030,len:7132
ho 0 tail 12 room 4
load:0x40078000,len:15708
load:0x40080400,len:4
ho 8 tail 4 room 4
load:0x40080404,len:3884
entry 0x40080650
[0;32mI (32) boot: ESP-IDF v5.2-dev-2368-g52bca70b1a-dirty 2nd stage bootloader[0m
[0;32mI (33) boot: compile time Sep  3 2023 14:43:03[0m
[0;32mI (35) boot: Multicore bootloader[0m
[0;32mI (39) boot: chip revision: v3.0[0m
[0;32mI (43) boot.esp32: SPI Speed      : 40MHz[0m
[0;32mI (48) boot.esp32: SPI Mode       : DIO[0m
[0;32mI (52) boot.esp32: SPI Flash Size : 2MB[0m
[0;32mI (57) boot: Enabling RNG early entropy source...[0m
[0;32mI (62) boot: Partition Table:[0m
[0;32mI (66) boot: ## Label            Usage          Type ST Offset   Length[0m
[0;32mI (73) boot:  0 nvs              WiFi data        01 02 00009000 00006000[0m
[0;32mI (80) boot:  1 phy_init         RF data          01 01 0000f000 00001000[0m
[0;32mI (88) boot:  2 factory          factory app      00 00 00010000 00100000[0m
[0;32mI (95) boot: End of partition table[0m
[0;32mI (100) esp_image: segment 0: paddr=00010020 vaddr=3f400020 size=096f8h ( 38648) map[0m
[0;32mI (122) esp_image: segment 1: paddr=00019720 vaddr=3ffb0000 size=020f0h (  8432) load[0m
[0;32mI (126) esp_image: segment 2: paddr=0001b818 vaddr=40080000 size=04800h ( 18432) load[0m
[0;32mI (136) esp_image: segment 3: paddr=00020020 vaddr=400d0020 size=13a00h ( 80384) map[0m
[0;32mI (165) esp_image: segment 4: paddr=00033a28 vaddr=40084800 size=07814h ( 30740) load[0m
[0;32mI (185) boot: Loaded app from partition at offset 0x10000[0m
[0;32mI (185) boot: Disabling RNG early entropy source...[0m
[0;32mI (196) cpu_start: Multicore app[0m
[0;32mI (196) cpu_start: Pro cpu up.[0m
[0;32mI (197) cpu_start: Starting app cpu, entry point is 0x40081030[0m
[0;32mI (183) cpu_start: App cpu up.[0m
[0;32mI (215) cpu_start: Pro cpu start user code[0m
[0;32mI (215) cpu_start: cpu freq: 160000000 Hz[0m
[0;32mI (215) cpu_start: Application information:[0m
[0;32mI (219) cpu_start: Project name:     smart_clock[0m
[0;32mI (225) cpu_start: App version:      1[0m
[0;32mI (229) cpu_start: Compile time:     Sep  3 2023 14:42:56[0m
[0;32mI (235) cpu_start: ELF file SHA256:  c01edac92...[0m
[0;32mI (241) cpu_start: ESP-IDF:          v5.2-dev-2368-g52bca70b1a-dirty[0m
[0;32mI (248) cpu_start: Min chip rev:     v0.0[0m
[0;32mI (252) cpu_start: Max chip rev:     v3.99 [0m
[0;32mI (257) cpu_start: Chip rev:         v3.0[0m
[0;32mI (262) heap_init: Initializing. RAM available for dynamic allocation:[0m
[0;32mI (269) heap_init: At 3FFAE6E0 len 00001920 (6 KiB): DRAM[0m
[0;32mI (275) heap_init: At 3FFB2960 len 0002D6A0 (181 KiB): DRAM[0m
[0;32mI (281) heap_init: At 3FFE0440 len 00003AE0 (14 KiB): D/IRAM[0m
[0;32mI (288) heap_init: At 3FFE4350 len 0001BCB0 (111 KiB): D/IRAM[0m
[0;32mI (294) heap_init: At 4008C014 len 00013FEC (79 KiB): IRAM[0m
[0;32mI (302) spi_flash: detected chip: winbond[0m
[0;32mI (305) spi_flash: flash io: dio[0m
[0;33mW (309) spi_flash: Detected size(16384k) larger than the size in the binary image header(2048k). Using the size in the binary image header.[0m
[0;32mI (323) app_start: Starting scheduler on CPU0[0m
[0;32mI (327) app_start: Starting scheduler on CPU1[0m
[0;32mI (327) main_task: Started on CPU0[0m
[0;32mI (337) main_task: Calling app_main()[0m
Hello world!
This is esp32 chip with 2 CPU core(s), WiFi/BTBLE, silicon revision v3.0, 2MB external flash
Minimum free heap size: 301244 bytes
Restarting in 10 seconds...
Restarting in 9 seconds...
Restarting in 8 seconds...
Restarting in 7 seconds...
